{
  "approved_at_utc": "2026-06-15T20:18:24.949627+00:00",
  "athlete_id": "indiana_fever_lexie_hull",
  "display_name": "Lexie Hull",
  "team_id": "indiana_fever",
  "provider_player_id": "1631086",
  "source_file": "outputs/latest/review_files/athlete_image_approval_pack/downloads/indiana_fever/indiana_fever_lexie_hull__1631086.png",
  "decision_source": "default",
  "policy": "human_reviewed_contact_sheet_then_approved"
}