{
  "approved_at_utc": "2026-06-16T01:47:22.700043+00:00",
  "athlete_id": "connecticut_sun_ashlon_jackson",
  "display_name": "Ashlon Jackson",
  "team_id": "connecticut_sun",
  "provider_player_id": "1643437",
  "source_file": "outputs/latest/review_files/athlete_image_approval_pack/downloads/connecticut_sun/connecticut_sun_ashlon_jackson__1643437.png",
  "decision_source": "default",
  "policy": "human_reviewed_contact_sheet_then_approved"
}