{
  "approved_at_utc": "2026-06-15T20:18:24.984333+00:00",
  "athlete_id": "phoenix_mercury_jovana_nogic",
  "display_name": "Jovana Nogic",
  "team_id": "phoenix_mercury",
  "provider_player_id": "201886",
  "source_file": "outputs/latest/review_files/athlete_image_approval_pack/downloads/phoenix_mercury/phoenix_mercury_jovana_nogic__201886.png",
  "decision_source": "default",
  "policy": "human_reviewed_contact_sheet_then_approved"
}