{
  "approved_at_utc": "2026-06-15T19:56:28.140658+00:00",
  "athlete_id": "phoenix_mercury_kahleah_copper",
  "display_name": "Kahleah Copper",
  "team_id": "phoenix_mercury",
  "provider_player_id": "1643493",
  "source_file": "outputs/latest/review_files/athlete_image_approval_pack/downloads/phoenix_mercury/phoenix_mercury_kahleah_copper__1643493.png",
  "decision_source": "default",
  "policy": "human_reviewed_contact_sheet_then_approved"
}