{
  "approved_at_utc": "2026-06-15T19:56:28.089237+00:00",
  "athlete_id": "atlanta_dream_allisha_gray",
  "display_name": "Allisha Gray",
  "team_id": "atlanta_dream",
  "provider_player_id": "1628277",
  "source_file": "outputs/latest/review_files/athlete_image_approval_pack/downloads/atlanta_dream/atlanta_dream_allisha_gray__1628277.png",
  "decision_source": "default",
  "policy": "human_reviewed_contact_sheet_then_approved"
}