{
  "approved_at_utc": "2026-06-15T20:18:24.952944+00:00",
  "athlete_id": "new_york_liberty_leonie_fiebich",
  "display_name": "Leonie Fiebich",
  "team_id": "new_york_liberty",
  "provider_player_id": "204296",
  "source_file": "outputs/latest/review_files/athlete_image_approval_pack/downloads/new_york_liberty/new_york_liberty_leonie_fiebich__204296.png",
  "decision_source": "default",
  "policy": "human_reviewed_contact_sheet_then_approved"
}