{
  "approved_at_utc": "2026-06-16T02:49:50.287269+00:00",
  "athlete_id": "portland_fire_bridget_carleton",
  "display_name": "Bridget Carleton",
  "team_id": "portland_fire",
  "provider_player_id": "1629524",
  "source_file": "outputs/latest/review_files/athlete_image_approval_pack/downloads/portland_fire/portland_fire_bridget_carleton__1629524.png",
  "decision_source": "default",
  "policy": "human_reviewed_contact_sheet_then_approved"
}