{
  "approved_at_utc": "2026-06-15T20:58:37.849502+00:00",
  "athlete_id": "connecticut_sun_olivia_nelson_ododa",
  "display_name": "Olivia Nelson-Ododa",
  "team_id": "connecticut_sun",
  "provider_player_id": "1631135",
  "source_file": "outputs/latest/review_files/athlete_image_approval_pack/downloads/connecticut_sun/connecticut_sun_olivia_nelson_ododa__1631135.png",
  "decision_source": "default",
  "policy": "human_reviewed_contact_sheet_then_approved"
}