{
  "approved_at_utc": "2026-06-15T19:25:07.352999+00:00",
  "athlete_id": "golden_state_valkyries_kayla_thornton",
  "display_name": "Kayla Thornton",
  "team_id": "golden_state_valkyries",
  "provider_player_id": "203866",
  "source_file": "outputs/latest/review_files/athlete_image_approval_pack/downloads/golden_state_valkyries/golden_state_valkyries_kayla_thornton__203866.png",
  "decision_source": "default",
  "policy": "human_reviewed_contact_sheet_then_approved"
}