{
  "approved_at_utc": "2026-06-15T21:16:09.124584+00:00",
  "athlete_id": "washington_mystics_lucy_olsen",
  "display_name": "Lucy Olsen",
  "team_id": "washington_mystics",
  "provider_player_id": "1642802",
  "source_file": "outputs/latest/review_files/athlete_image_approval_pack/downloads/washington_mystics/washington_mystics_lucy_olsen__1642802.png",
  "decision_source": "default",
  "policy": "human_reviewed_contact_sheet_then_approved"
}