{
  "approved_at_utc": "2026-06-16T04:22:55.100674+00:00",
  "athlete_id": "chicago_sky_azura_stevens",
  "display_name": "Azura Stevens",
  "team_id": "chicago_sky",
  "provider_player_id": "1628922",
  "source_file": "outputs/latest/review_files/athlete_image_approval_pack/downloads/chicago_sky/chicago_sky_azura_stevens__1628922.png",
  "decision_source": "default",
  "policy": "human_reviewed_contact_sheet_then_approved"
}