{
  "approved_at_utc": "2026-06-15T21:16:09.125161+00:00",
  "athlete_id": "washington_mystics_lauren_betts",
  "display_name": "Lauren Betts",
  "team_id": "washington_mystics",
  "provider_player_id": "1643427",
  "source_file": "outputs/latest/review_files/athlete_image_approval_pack/downloads/washington_mystics/washington_mystics_lauren_betts__1643427.png",
  "decision_source": "default",
  "policy": "human_reviewed_contact_sheet_then_approved"
}