{
  "approved_at_utc": "2026-06-16T01:47:22.727651+00:00",
  "athlete_id": "golden_state_valkyries_tiffany_hayes",
  "display_name": "Tiffany Hayes",
  "team_id": "golden_state_valkyries",
  "provider_player_id": "203026",
  "source_file": "outputs/latest/review_files/athlete_image_approval_pack/downloads/golden_state_valkyries/golden_state_valkyries_tiffany_hayes__203026.png",
  "decision_source": "default",
  "policy": "human_reviewed_contact_sheet_then_approved"
}