{
  "approved_at_utc": "2026-06-15T21:16:09.150793+00:00",
  "athlete_id": "portland_fire_serah_williams",
  "display_name": "Serah Williams",
  "team_id": "portland_fire",
  "provider_player_id": "1643436",
  "source_file": "outputs/latest/review_files/athlete_image_approval_pack/downloads/portland_fire/portland_fire_serah_williams__1643436.png",
  "decision_source": "default",
  "policy": "human_reviewed_contact_sheet_then_approved"
}