{
  "approved_at_utc": "2026-06-16T01:19:24.065798+00:00",
  "athlete_id": "minnesota_lynx_liatu_king",
  "display_name": "Liatu King",
  "team_id": "minnesota_lynx",
  "provider_player_id": "1642820",
  "source_file": "outputs/latest/review_files/athlete_image_approval_pack/downloads/minnesota_lynx/minnesota_lynx_liatu_king__1642820.png",
  "decision_source": "default",
  "policy": "human_reviewed_contact_sheet_then_approved"
}