{
  "approved_at_utc": "2026-06-16T01:19:24.062460+00:00",
  "athlete_id": "las_vegas_aces_a_ja_wilson",
  "display_name": "A'ja Wilson",
  "team_id": "las_vegas_aces",
  "provider_player_id": "1628932",
  "source_file": "outputs/latest/review_files/athlete_image_approval_pack/downloads/las_vegas_aces/las_vegas_aces_a_ja_wilson__1628932.png",
  "decision_source": "default",
  "policy": "human_reviewed_contact_sheet_then_approved"
}