{
  "approved_at_utc": "2026-06-16T01:56:43.520508+00:00",
  "athlete_id": "new_york_liberty_raquel_carrera",
  "display_name": "Raquel Carrera",
  "team_id": "new_york_liberty",
  "provider_player_id": "1630142",
  "source_file": "outputs/latest/review_files/athlete_image_approval_pack/downloads/new_york_liberty/new_york_liberty_raquel_carrera__1630142.png",
  "decision_source": "default",
  "policy": "human_reviewed_contact_sheet_then_approved"
}