{
  "approved_at_utc": "2026-06-16T01:19:24.053622+00:00",
  "athlete_id": "toronto_tempo_brittney_sykes",
  "display_name": "Brittney Sykes",
  "team_id": "toronto_tempo",
  "provider_player_id": "1628279",
  "source_file": "outputs/latest/review_files/athlete_image_approval_pack/downloads/toronto_tempo/toronto_tempo_brittney_sykes__1628279.png",
  "decision_source": "default",
  "policy": "human_reviewed_contact_sheet_then_approved"
}