{
  "approved_at_utc": "2026-06-16T04:22:55.121071+00:00",
  "athlete_id": "dallas_wings_costanza_verona",
  "display_name": "Costanza Verona",
  "team_id": "dallas_wings",
  "provider_player_id": "1643424",
  "source_file": "outputs/latest/review_files/athlete_image_approval_pack/downloads/dallas_wings/dallas_wings_costanza_verona__1643424.png",
  "decision_source": "default",
  "policy": "human_reviewed_contact_sheet_then_approved"
}