{
  "approved_at_utc": "2026-06-15T20:18:24.986999+00:00",
  "athlete_id": "portland_fire_nyadiew_puoch",
  "display_name": "Nyadiew Puoch",
  "team_id": "portland_fire",
  "provider_player_id": "1642296",
  "source_file": "outputs/latest/review_files/athlete_image_approval_pack/downloads/portland_fire/portland_fire_nyadiew_puoch__1642296.png",
  "decision_source": "default",
  "policy": "human_reviewed_contact_sheet_then_approved"
}