{
  "approved_at_utc": "2026-06-15T19:56:28.103413+00:00",
  "athlete_id": "indiana_fever_justine_pissott",
  "display_name": "Justine Pissott",
  "team_id": "indiana_fever",
  "provider_player_id": "1643495",
  "source_file": "outputs/latest/review_files/athlete_image_approval_pack/downloads/indiana_fever/indiana_fever_justine_pissott__1643495.png",
  "decision_source": "default",
  "policy": "human_reviewed_contact_sheet_then_approved"
}