{
  "approved_at_utc": "2026-06-16T03:52:12.980022+00:00",
  "athlete_id": "chicago_sky_jacy_sheldon",
  "display_name": "Jacy Sheldon",
  "team_id": "chicago_sky",
  "provider_player_id": "1642292",
  "source_file": "outputs/latest/review_files/athlete_image_approval_pack/downloads/chicago_sky/chicago_sky_jacy_sheldon__1642292.png",
  "decision_source": "default",
  "policy": "human_reviewed_contact_sheet_then_approved"
}