{
  "approved_at_utc": "2026-06-15T20:58:37.888279+00:00",
  "athlete_id": "los_angeles_sparks_cameron_brink",
  "display_name": "Cameron Brink",
  "team_id": "los_angeles_sparks",
  "provider_player_id": "1642287",
  "source_file": "outputs/latest/review_files/athlete_image_approval_pack/downloads/los_angeles_sparks/los_angeles_sparks_cameron_brink__1642287.png",
  "decision_source": "default",
  "policy": "human_reviewed_contact_sheet_then_approved"
}