{
  "approved_at_utc": "2026-06-16T01:56:43.517147+00:00",
  "athlete_id": "indiana_fever_aliyah_boston",
  "display_name": "Aliyah Boston",
  "team_id": "indiana_fever",
  "provider_player_id": "1641648",
  "source_file": "outputs/latest/review_files/athlete_image_approval_pack/downloads/indiana_fever/indiana_fever_aliyah_boston__1641648.png",
  "decision_source": "default",
  "policy": "human_reviewed_contact_sheet_then_approved"
}