{
  "approved_at_utc": "2026-06-16T04:22:55.101225+00:00",
  "athlete_id": "connecticut_sun_diamond_miller",
  "display_name": "Diamond Miller",
  "team_id": "connecticut_sun",
  "provider_player_id": "1641649",
  "source_file": "outputs/latest/review_files/athlete_image_approval_pack/downloads/connecticut_sun/connecticut_sun_diamond_miller__1641649.png",
  "decision_source": "default",
  "policy": "human_reviewed_contact_sheet_then_approved"
}