{
  "approved_at_utc": "2026-06-16T03:52:12.987117+00:00",
  "athlete_id": "connecticut_sun_gianna_kneepkens",
  "display_name": "Gianna Kneepkens",
  "team_id": "connecticut_sun",
  "provider_player_id": "1643429",
  "source_file": "outputs/latest/review_files/athlete_image_approval_pack/downloads/connecticut_sun/connecticut_sun_gianna_kneepkens__1643429.png",
  "decision_source": "default",
  "policy": "human_reviewed_contact_sheet_then_approved"
}