{
  "approved_at_utc": "2026-06-15T21:16:09.106007+00:00",
  "athlete_id": "chicago_sky_aicha_coulibaly",
  "display_name": "Aicha Coulibaly",
  "team_id": "chicago_sky",
  "provider_player_id": "1642786",
  "source_file": "outputs/latest/review_files/athlete_image_approval_pack/downloads/chicago_sky/chicago_sky_aicha_coulibaly__1642786.png",
  "decision_source": "default",
  "policy": "human_reviewed_contact_sheet_then_approved"
}