{
  "approved_at_utc": "2026-06-16T03:30:55.099093+00:00",
  "athlete_id": "dallas_wings_azzi_fudd",
  "display_name": "Azzi Fudd",
  "team_id": "dallas_wings",
  "provider_player_id": "1643425",
  "source_file": "outputs/latest/review_files/athlete_image_approval_pack/downloads/dallas_wings/dallas_wings_azzi_fudd__1643425.png",
  "decision_source": "default",
  "policy": "human_reviewed_contact_sheet_then_approved"
}