{
  "approved_at_utc": "2026-06-15T21:16:09.108565+00:00",
  "athlete_id": "connecticut_sun_saniya_rivers",
  "display_name": "Saniya Rivers",
  "team_id": "connecticut_sun",
  "provider_player_id": "1642809",
  "source_file": "outputs/latest/review_files/athlete_image_approval_pack/downloads/connecticut_sun/connecticut_sun_saniya_rivers__1642809.png",
  "decision_source": "default",
  "policy": "human_reviewed_contact_sheet_then_approved"
}