{
  "approved_at_utc": "2026-06-15T20:18:24.956986+00:00",
  "athlete_id": "toronto_tempo_marina_mabrey",
  "display_name": "Marina Mabrey",
  "team_id": "toronto_tempo",
  "provider_player_id": "1629497",
  "source_file": "outputs/latest/review_files/athlete_image_approval_pack/downloads/toronto_tempo/toronto_tempo_marina_mabrey__1629497.png",
  "decision_source": "default",
  "policy": "human_reviewed_contact_sheet_then_approved"
}