{
  "approved_at_utc": "2026-06-15T20:18:24.945099+00:00",
  "athlete_id": "connecticut_sun_charlisse_leger_walker",
  "display_name": "Charlisse Leger-Walker",
  "team_id": "connecticut_sun",
  "provider_player_id": "1643449",
  "source_file": "outputs/latest/review_files/athlete_image_approval_pack/downloads/connecticut_sun/connecticut_sun_charlisse_leger_walker__1643449.png",
  "decision_source": "default",
  "policy": "human_reviewed_contact_sheet_then_approved"
}