{
  "approved_at_utc": "2026-06-16T01:56:43.531800+00:00",
  "athlete_id": "golden_state_valkyries_laeticia_amihere",
  "display_name": "Laeticia Amihere",
  "team_id": "golden_state_valkyries",
  "provider_player_id": "1641656",
  "source_file": "outputs/latest/review_files/athlete_image_approval_pack/downloads/golden_state_valkyries/golden_state_valkyries_laeticia_amihere__1641656.png",
  "decision_source": "default",
  "policy": "human_reviewed_contact_sheet_then_approved"
}