{
  "approved_at_utc": "2026-06-16T02:49:50.267223+00:00",
  "athlete_id": "golden_state_valkyries_ashten_prechtel",
  "display_name": "Ashten Prechtel",
  "team_id": "golden_state_valkyries",
  "provider_player_id": "1641695",
  "source_file": "outputs/latest/review_files/athlete_image_approval_pack/downloads/golden_state_valkyries/golden_state_valkyries_ashten_prechtel__1641695.png",
  "decision_source": "default",
  "policy": "human_reviewed_contact_sheet_then_approved"
}