{
  "approved_at_utc": "2026-06-15T19:25:07.380128+00:00",
  "athlete_id": "seattle_storm_flau_jae_johnson",
  "display_name": "Flau'jae Johnson",
  "team_id": "seattle_storm",
  "provider_player_id": "1643428",
  "source_file": "outputs/latest/review_files/athlete_image_approval_pack/downloads/seattle_storm/seattle_storm_flau_jae_johnson__1643428.png",
  "decision_source": "default",
  "policy": "human_reviewed_contact_sheet_then_approved"
}