{
  "approved_at_utc": "2026-06-26T22:56:01.017837+00:00",
  "athlete_id": "seattle_storm_mackenzie_holmes",
  "display_name": "Mackenzie Holmes",
  "team_id": "seattle_storm",
  "provider_player_id": "1642307",
  "source_file": "https://www.wnba.com/player/1642307/mackenzie-holmes",
  "decision_source": "human_reviewed_wnba_athlete_photo_contact_sheet",
  "policy": "human_reviewed_contact_sheet_then_approved",
  "operator_decision": "approve_for_review_only_renderer_use",
  "human_reviewed_by": "Mike explicit sweep via Codex",
  "human_reviewed_at_local": "2026-06-26 18:31 local",
  "human_intake_file": "data/asset_registry/wnba/wnba_athlete_photo_review_intake.csv",
  "approval_scope": "review_only_renderer_athlete_photo_trust_manual_intake",
  "review_only_policy": "manual_intake_only_no_downloads_no_file_movement_no_publish_ready_lane"
}
