{
  "approved_at_utc": "2026-06-16T01:19:24.062800+00:00",
  "athlete_id": "las_vegas_aces_jewell_loyd",
  "display_name": "Jewell Loyd",
  "team_id": "las_vegas_aces",
  "provider_player_id": "204319",
  "source_file": "outputs/latest/review_files/athlete_image_approval_pack/downloads/las_vegas_aces/las_vegas_aces_jewell_loyd__204319.png",
  "decision_source": "default",
  "policy": "human_reviewed_contact_sheet_then_approved"
}