{
  "approved_at_utc": "2026-06-15T21:16:09.106568+00:00",
  "athlete_id": "connecticut_sun_hailey_van_lith",
  "display_name": "Hailey Van Lith",
  "team_id": "connecticut_sun",
  "provider_player_id": "1642817",
  "source_file": "outputs/latest/review_files/athlete_image_approval_pack/downloads/connecticut_sun/connecticut_sun_hailey_van_lith__1642817.png",
  "decision_source": "default",
  "policy": "human_reviewed_contact_sheet_then_approved"
}