{
  "approved_at_utc": "2026-06-15T19:15:30.229338+00:00",
  "athlete_id": "indiana_fever_tyasha_harris",
  "display_name": "Tyasha Harris",
  "team_id": "indiana_fever",
  "provider_player_id": "1630112",
  "source_file": "outputs/latest/review_files/athlete_image_approval_pack/downloads/indiana_fever/indiana_fever_tyasha_harris__1630112.png",
  "decision_source": "default",
  "policy": "human_reviewed_contact_sheet_then_approved"
}