{
  "approved_at_utc": "2026-06-15T19:25:07.338910+00:00",
  "athlete_id": "toronto_tempo_kiki_rice",
  "display_name": "Kiki Rice",
  "team_id": "toronto_tempo",
  "provider_player_id": "1643445",
  "source_file": "outputs/latest/review_files/athlete_image_approval_pack/downloads/toronto_tempo/toronto_tempo_kiki_rice__1643445.png",
  "decision_source": "default",
  "policy": "human_reviewed_contact_sheet_then_approved"
}