{
  "approved_at_utc": "2026-06-15T19:56:28.095073+00:00",
  "athlete_id": "chicago_sky_courtney_vandersloot",
  "display_name": "Courtney Vandersloot",
  "team_id": "chicago_sky",
  "provider_player_id": "202664",
  "source_file": "outputs/latest/review_files/athlete_image_approval_pack/downloads/chicago_sky/chicago_sky_courtney_vandersloot__202664.png",
  "decision_source": "default",
  "policy": "human_reviewed_contact_sheet_then_approved"
}