{
  "approved_at_utc": "2026-06-16T03:52:12.990541+00:00",
  "athlete_id": "connecticut_sun_leila_lacan",
  "display_name": "Leila Lacan",
  "team_id": "connecticut_sun",
  "provider_player_id": "1642303",
  "source_file": "outputs/latest/review_files/athlete_image_approval_pack/downloads/connecticut_sun/connecticut_sun_leila_lacan__1642303.png",
  "decision_source": "default",
  "policy": "human_reviewed_contact_sheet_then_approved"
}