{
  "approved_at_utc": "2026-06-16T01:56:43.510738+00:00",
  "athlete_id": "chicago_sky_rickea_jackson",
  "display_name": "Rickea Jackson",
  "team_id": "chicago_sky",
  "provider_player_id": "1642288",
  "source_file": "outputs/latest/review_files/athlete_image_approval_pack/downloads/chicago_sky/chicago_sky_rickea_jackson__1642288.png",
  "decision_source": "default",
  "policy": "human_reviewed_contact_sheet_then_approved"
}