{
  "approved_at_utc": "2026-06-15T20:58:37.878101+00:00",
  "athlete_id": "golden_state_valkyries_janelle_salaun",
  "display_name": "Janelle Salaun",
  "team_id": "golden_state_valkyries",
  "provider_player_id": "1642767",
  "source_file": "outputs/latest/review_files/athlete_image_approval_pack/downloads/golden_state_valkyries/golden_state_valkyries_janelle_salaun__1642767.png",
  "decision_source": "default",
  "policy": "human_reviewed_contact_sheet_then_approved"
}