{
  "approved_at_utc": "2026-06-16T02:49:50.288347+00:00",
  "athlete_id": "portland_fire_luisa_geiselsoder",
  "display_name": "Luisa Geiselsoder",
  "team_id": "portland_fire",
  "provider_player_id": "1630143",
  "source_file": "outputs/latest/review_files/athlete_image_approval_pack/downloads/portland_fire/portland_fire_luisa_geiselsoder__1630143.png",
  "decision_source": "default",
  "policy": "human_reviewed_contact_sheet_then_approved"
}