{
  "approved_at_utc": "2026-06-15T19:25:07.374017+00:00",
  "athlete_id": "phoenix_mercury_kyara_linskens",
  "display_name": "Kyara Linskens",
  "team_id": "phoenix_mercury",
  "provider_player_id": "203826",
  "source_file": "outputs/latest/review_files/athlete_image_approval_pack/downloads/phoenix_mercury/phoenix_mercury_kyara_linskens__203826.png",
  "decision_source": "default",
  "policy": "human_reviewed_contact_sheet_then_approved"
}