{
  "approved_at_utc": "2026-06-15T19:15:30.233231+00:00",
  "athlete_id": "new_york_liberty_jonquel_jones",
  "display_name": "Jonquel Jones",
  "team_id": "new_york_liberty",
  "provider_player_id": "1627668",
  "source_file": "outputs/latest/review_files/athlete_image_approval_pack/downloads/new_york_liberty/new_york_liberty_jonquel_jones__1627668.png",
  "decision_source": "default",
  "policy": "human_reviewed_contact_sheet_then_approved"
}