{
  "approved_at_utc": "2026-06-15T19:56:28.121552+00:00",
  "athlete_id": "dallas_wings_li_yueru",
  "display_name": "Li Yueru",
  "team_id": "dallas_wings",
  "provider_player_id": "1629574",
  "source_file": "outputs/latest/review_files/athlete_image_approval_pack/downloads/dallas_wings/dallas_wings_li_yueru__1629574.png",
  "decision_source": "default",
  "policy": "human_reviewed_contact_sheet_then_approved"
}