{
  "approved_at_utc": "2026-06-16T01:19:24.068356+00:00",
  "athlete_id": "phoenix_mercury_natasha_mack",
  "display_name": "Natasha Mack",
  "team_id": "phoenix_mercury",
  "provider_player_id": "1627674",
  "source_file": "outputs/latest/review_files/athlete_image_approval_pack/downloads/phoenix_mercury/phoenix_mercury_natasha_mack__1627674.png",
  "decision_source": "default",
  "policy": "human_reviewed_contact_sheet_then_approved"
}