{
  "approved_at_utc": "2026-06-16T01:47:22.724584+00:00",
  "athlete_id": "golden_state_valkyries_kaitlyn_chen",
  "display_name": "Kaitlyn Chen",
  "team_id": "golden_state_valkyries",
  "provider_player_id": "1642822",
  "source_file": "outputs/latest/review_files/athlete_image_approval_pack/downloads/golden_state_valkyries/golden_state_valkyries_kaitlyn_chen__1642822.png",
  "decision_source": "default",
  "policy": "human_reviewed_contact_sheet_then_approved"
}