{
  "approved_at_utc": "2026-06-16T01:19:24.041372+00:00",
  "athlete_id": "atlanta_dream_sika_kone",
  "display_name": "Sika Kone",
  "team_id": "atlanta_dream",
  "provider_player_id": "1631021",
  "source_file": "outputs/latest/review_files/athlete_image_approval_pack/downloads/atlanta_dream/atlanta_dream_sika_kone__1631021.png",
  "decision_source": "default",
  "policy": "human_reviewed_contact_sheet_then_approved"
}