{
  "approved_at_utc": "2026-06-16T01:56:43.515646+00:00",
  "athlete_id": "connecticut_sun_kennedy_burke",
  "display_name": "Kennedy Burke",
  "team_id": "connecticut_sun",
  "provider_player_id": "1629568",
  "source_file": "outputs/latest/review_files/athlete_image_approval_pack/downloads/connecticut_sun/connecticut_sun_kennedy_burke__1629568.png",
  "decision_source": "default",
  "policy": "human_reviewed_contact_sheet_then_approved"
}