{
  "approved_at_utc": "2026-06-16T02:49:50.254544+00:00",
  "athlete_id": "toronto_tempo_kia_nurse",
  "display_name": "Kia Nurse",
  "team_id": "toronto_tempo",
  "provider_player_id": "1628915",
  "source_file": "outputs/latest/review_files/athlete_image_approval_pack/downloads/toronto_tempo/toronto_tempo_kia_nurse__1628915.png",
  "decision_source": "default",
  "policy": "human_reviewed_contact_sheet_then_approved"
}