{
  "approved_at_utc": "2026-06-16T04:22:55.126873+00:00",
  "athlete_id": "golden_state_valkyries_veronica_burton",
  "display_name": "Veronica Burton",
  "team_id": "golden_state_valkyries",
  "provider_player_id": "1631007",
  "source_file": "outputs/latest/review_files/athlete_image_approval_pack/downloads/golden_state_valkyries/golden_state_valkyries_veronica_burton__1631007.png",
  "decision_source": "default",
  "policy": "human_reviewed_contact_sheet_then_approved"
}