{
  "approved_at_utc": "2026-06-16T04:22:55.108343+00:00",
  "athlete_id": "indiana_fever_bree_hall",
  "display_name": "Bree Hall",
  "team_id": "indiana_fever",
  "provider_player_id": "1642788",
  "source_file": "outputs/latest/review_files/athlete_image_approval_pack/downloads/indiana_fever/indiana_fever_bree_hall__1642788.png",
  "decision_source": "default",
  "policy": "human_reviewed_contact_sheet_then_approved"
}