{
  "approved_at_utc": "2026-06-15T20:58:37.851784+00:00",
  "athlete_id": "connecticut_sun_brittney_griner",
  "display_name": "Brittney Griner",
  "team_id": "connecticut_sun",
  "provider_player_id": "203398",
  "source_file": "outputs/latest/review_files/athlete_image_approval_pack/downloads/connecticut_sun/connecticut_sun_brittney_griner__203398.png",
  "decision_source": "default",
  "policy": "human_reviewed_contact_sheet_then_approved"
}