{
  "approved_at_utc": "2026-06-16T02:14:47.587061+00:00",
  "athlete_id": "toronto_tempo_nyara_sabally",
  "display_name": "Nyara Sabally",
  "team_id": "toronto_tempo",
  "provider_player_id": "1631055",
  "source_file": "outputs/latest/review_files/athlete_image_approval_pack/downloads/toronto_tempo/toronto_tempo_nyara_sabally__1631055.png",
  "decision_source": "default",
  "policy": "human_reviewed_contact_sheet_then_approved"
}