{
  "approved_at_utc": "2026-06-16T01:19:24.051327+00:00",
  "athlete_id": "new_york_liberty_han_xu",
  "display_name": "Han Xu",
  "team_id": "new_york_liberty",
  "provider_player_id": "1629477",
  "source_file": "outputs/latest/review_files/athlete_image_approval_pack/downloads/new_york_liberty/new_york_liberty_han_xu__1629477.png",
  "decision_source": "default",
  "policy": "human_reviewed_contact_sheet_then_approved"
}