{
  "approved_at_utc": "2026-06-16T01:19:24.060733+00:00",
  "athlete_id": "golden_state_valkyries_cecilia_zandalasini",
  "display_name": "Cecilia Zandalasini",
  "team_id": "golden_state_valkyries",
  "provider_player_id": "1628508",
  "source_file": "outputs/latest/review_files/athlete_image_approval_pack/downloads/golden_state_valkyries/golden_state_valkyries_cecilia_zandalasini__1628508.png",
  "decision_source": "default",
  "policy": "human_reviewed_contact_sheet_then_approved"
}