{
  "approved_at_utc": "2026-06-15T21:16:09.151327+00:00",
  "athlete_id": "portland_fire_holly_winterburn",
  "display_name": "Holly Winterburn",
  "team_id": "portland_fire",
  "provider_player_id": "1641683",
  "source_file": "outputs/latest/review_files/athlete_image_approval_pack/downloads/portland_fire/portland_fire_holly_winterburn__1641683.png",
  "decision_source": "default",
  "policy": "human_reviewed_contact_sheet_then_approved"
}